<?xml version="1.0" encoding="utf-8"?><testsuites name="pytest tests"><testsuite name="pytest" errors="0" failures="0" skipped="0" tests="29" time="0.244" timestamp="2026-01-20T11:58:13.727606+00:00" hostname="Lenovo-X1-Yoga"><testcase classname="tests.test_ast_parser.TestASTParser" name="test_parse_valid_source_code" time="0.005" /><testcase classname="tests.test_ast_parser.TestASTParser" name="test_parse_file" time="0.005" /><testcase classname="tests.test_ast_parser.TestASTParser" name="test_syntax_error_handling" time="0.004" /><testcase classname="tests.test_ast_parser.TestASTParser" name="test_file_not_found" time="0.002" /><testcase classname="tests.test_ast_parser.TestASTParser" name="test_get_functions" time="0.002" /><testcase classname="tests.test_ast_parser.TestASTParser" name="test_get_classes" time="0.004" /><testcase classname="tests.test_ast_parser.TestASTParser" name="test_get_loops" time="0.003" /><testcase classname="tests.test_ast_parser.TestASTParser" name="test_get_assignments" time="0.002" /><testcase classname="tests.test_ast_parser.TestASTParser" name="test_analyze_complexity" time="0.002" /><testcase classname="tests.test_ast_parser.TestASTParser" name="test_has_nested_loops_detection" time="0.001" /><testcase classname="tests.test_ast_parser.TestASTParser" name="test_get_source_snippet" time="0.003" /><testcase classname="tests.test_ast_parser.TestASTParser" name="test_to_dict_serialization" time="0.003" /><testcase classname="tests.test_ast_parser.TestASTParser" name="test_empty_source" time="0.003" /><testcase classname="tests.test_ast_parser.TestASTParser" name="test_unicode_source" time="0.002" /><testcase classname="tests.test_ast_parser.TestASTParser" name="test_decorated_function" time="0.003" /><testcase classname="tests.test_ast_parser" name="test_code_location_dataclass" time="0.002" /><testcase classname="tests.test_ast_parser" name="test_ast_node_info_dataclass" time="0.001" /><testcase classname="tests.test_complexity_detector.TestComplexityDetector" name="test_detect_nested_for_loops" time="0.006" /><testcase classname="tests.test_complexity_detector.TestComplexityDetector" name="test_detect_nested_while_loops" time="0.004" /><testcase classname="tests.test_complexity_detector.TestComplexityDetector" name="test_detect_for_inside_while" time="0.006" /><testcase classname="tests.test_complexity_detector.TestComplexityDetector" name="test_no_false_positive_separate_loops" time="0.004" /><testcase classname="tests.test_complexity_detector.TestComplexityDetector" name="test_detect_list_append_in_loop" time="0.002" /><testcase classname="tests.test_complexity_detector.TestComplexityDetector" name="test_detect_string_concatenation_in_loop" time="0.002" /><testcase classname="tests.test_complexity_detector.TestComplexityDetector" name="test_triple_nested_loop" time="0.002" /><testcase classname="tests.test_complexity_detector.TestComplexityDetector" name="test_get_summary" time="0.005" /><testcase classname="tests.test_complexity_detector.TestComplexityDetector" name="test_warning_structure" time="0.002" /><testcase classname="tests.test_complexity_detector.TestComplexityDetector" name="test_empty_code" time="0.006" /><testcase classname="tests.test_complexity_detector.TestComplexityDetector" name="test_complex_real_world_example" time="0.003" /><testcase classname="tests.test_complexity_detector" name="test_performance_warning_dataclass" time="0.001" /></testsuite></testsuites>